
  .   ____          _            __ _ _
 /\\ / ___'_ __ _ _(_)_ __  __ _ \ \ \ \
( ( )\___ | '_ | '_| | '_ \/ _` | \ \ \ \
 \\/  ___)| |_)| | | | | || (_| |  ) ) ) )
  '  |____| .__|_| |_|_| |_\__, | / / / /
 =========|_|==============|___/=/_/_/_/

 :: Spring Boot ::                (v4.0.8)

2026-10-02T23:37:55.621+05:30  INFO 16344 --- [physio-portal] [           main] c.k.physio.PhysioPortalApplication       : Starting PhysioPortalApplication v1.0.0 using Java 21.0.11 with PID 16344 (C:\ProgramData\Jenkins\physio-portal-demo\demo-8081\releases\2\physio-portal-1.0.0.jar started by KIRTI$ in C:\ProgramData\Jenkins\physio-portal-demo\demo-8081)
2026-10-02T23:37:55.627+05:30  INFO 16344 --- [physio-portal] [           main] c.k.physio.PhysioPortalApplication       : The following 1 profile is active: "demo"
2026-10-02T23:37:58.934+05:30  INFO 16344 --- [physio-portal] [           main] .s.d.r.c.RepositoryConfigurationDelegate : Bootstrapping Spring Data JPA repositories in DEFAULT mode.
2026-10-02T23:37:59.219+05:30  INFO 16344 --- [physio-portal] [           main] .s.d.r.c.RepositoryConfigurationDelegate : Finished Spring Data repository scanning in 228 ms. Found 4 JPA repository interfaces.
2026-10-02T23:38:01.921+05:30  INFO 16344 --- [physio-portal] [           main] o.s.boot.tomcat.TomcatWebServer          : Tomcat initialized with port 8081 (http)
2026-10-02T23:38:02.001+05:30  INFO 16344 --- [physio-portal] [           main] o.apache.catalina.core.StandardService   : Starting service [Tomcat]
2026-10-02T23:38:02.002+05:30  INFO 16344 --- [physio-portal] [           main] o.apache.catalina.core.StandardEngine    : Starting Servlet engine: [Apache Tomcat/11.0.24]
2026-10-02T23:38:02.201+05:30  INFO 16344 --- [physio-portal] [           main] b.w.c.s.WebApplicationContextInitializer : Root WebApplicationContext: initialization completed in 6478 ms
2026-10-02T23:38:03.316+05:30  INFO 16344 --- [physio-portal] [           main] org.hibernate.orm.jpa                    : HHH008540: Processing PersistenceUnitInfo [name: default]
2026-10-02T23:38:03.495+05:30  INFO 16344 --- [physio-portal] [           main] org.hibernate.orm.core                   : HHH000001: Hibernate ORM core version 7.2.24.Final
2026-10-02T23:38:05.133+05:30  INFO 16344 --- [physio-portal] [           main] o.s.o.j.p.SpringPersistenceUnitInfo      : No LoadTimeWeaver setup: ignoring JPA class transformer
2026-10-02T23:38:05.238+05:30  INFO 16344 --- [physio-portal] [           main] com.zaxxer.hikari.HikariDataSource       : HikariPool-1 - Starting...
2026-10-02T23:38:06.218+05:30  INFO 16344 --- [physio-portal] [           main] com.zaxxer.hikari.pool.HikariPool        : HikariPool-1 - Added connection conn0: url=jdbc:h2:file:./data/physio user=SA
2026-10-02T23:38:06.224+05:30  INFO 16344 --- [physio-portal] [           main] com.zaxxer.hikari.HikariDataSource       : HikariPool-1 - Start completed.
2026-10-02T23:38:06.464+05:30  INFO 16344 --- [physio-portal] [           main] org.hibernate.orm.connections.pooling    : HHH10001005: Database info:
	Database JDBC URL [jdbc:h2:file:./data/physio]
	Database driver: H2 JDBC Driver
	Database dialect: H2Dialect
	Database version: 2.4.240
	Default catalog/schema: PHYSIO/PUBLIC
	Autocommit mode: undefined/unknown
	Isolation level: READ_COMMITTED [default READ_COMMITTED]
	JDBC fetch size: 100
	Pool: DataSourceConnectionProvider
	Minimum pool size: undefined/unknown
	Maximum pool size: undefined/unknown
2026-10-02T23:38:10.319+05:30  INFO 16344 --- [physio-portal] [           main] org.hibernate.orm.core                   : HHH000489: No JTA platform available (set 'hibernate.transaction.jta.platform' to enable JTA platform integration)
2026-10-02T23:38:10.632+05:30  INFO 16344 --- [physio-portal] [           main] j.LocalContainerEntityManagerFactoryBean : Initialized JPA EntityManagerFactory for persistence unit 'default'
2026-10-02T23:38:10.895+05:30  INFO 16344 --- [physio-portal] [           main] o.s.d.j.r.query.QueryEnhancerFactories   : Hibernate is in classpath; If applicable, HQL parser will be used.
2026-10-02T23:38:13.963+05:30  INFO 16344 --- [physio-portal] [           main] r$InitializeUserDetailsManagerConfigurer : Global AuthenticationManager configured with UserDetailsService bean with name patientDetails
2026-10-02T23:38:14.476+05:30  INFO 16344 --- [physio-portal] [           main] o.s.b.w.a.WelcomePageHandlerMapping      : Adding welcome page template: index
2026-10-02T23:38:15.514+05:30  INFO 16344 --- [physio-portal] [           main] o.s.b.a.e.web.EndpointLinksResolver      : Exposing 1 endpoint beneath base path '/actuator'
2026-10-02T23:38:15.662+05:30  INFO 16344 --- [physio-portal] [           main] o.s.boot.tomcat.TomcatWebServer          : Tomcat started on port 8081 (http) with context path '/'
2026-10-02T23:38:15.677+05:30  INFO 16344 --- [physio-portal] [           main] c.k.physio.PhysioPortalApplication       : Started PhysioPortalApplication in 20.696 seconds (process running for 21.492)
2026-10-02T23:38:16.306+05:30  INFO 16344 --- [physio-portal] [0.1-8081-exec-1] o.a.c.c.C.[Tomcat].[localhost].[/]       : Initializing Spring DispatcherServlet 'dispatcherServlet'
2026-10-02T23:38:16.308+05:30  INFO 16344 --- [physio-portal] [0.1-8081-exec-1] o.s.web.servlet.DispatcherServlet        : Initializing Servlet 'dispatcherServlet'
2026-10-02T23:38:16.317+05:30  INFO 16344 --- [physio-portal] [0.1-8081-exec-1] o.s.web.servlet.DispatcherServlet        : Completed initialization in 6 ms
