
  .   ____          _            __ _ _
 /\\ / ___'_ __ _ _(_)_ __  __ _ \ \ \ \
( ( )\___ | '_ | '_| | '_ \/ _` | \ \ \ \
 \\/  ___)| |_)| | | | | || (_| |  ) ) ) )
  '  |____| .__|_| |_|_| |_\__, | / / / /
 =========|_|==============|___/=/_/_/_/

 :: Spring Boot ::                (v4.0.8)

2026-10-02T23:45:23.170+05:30  INFO 23396 --- [physio-portal] [           main] c.k.physio.PhysioPortalApplication       : Starting PhysioPortalApplication v1.0.0 using Java 21.0.11 with PID 23396 (C:\ProgramData\Jenkins\physio-portal-demo\test-8082\releases\3\physio-portal-1.0.0.jar started by KIRTI$ in C:\ProgramData\Jenkins\physio-portal-demo\test-8082)
2026-10-02T23:45:23.185+05:30  INFO 23396 --- [physio-portal] [           main] c.k.physio.PhysioPortalApplication       : The following 1 profile is active: "test"
2026-10-02T23:45:25.131+05:30  INFO 23396 --- [physio-portal] [           main] .s.d.r.c.RepositoryConfigurationDelegate : Bootstrapping Spring Data JPA repositories in DEFAULT mode.
2026-10-02T23:45:25.313+05:30  INFO 23396 --- [physio-portal] [           main] .s.d.r.c.RepositoryConfigurationDelegate : Finished Spring Data repository scanning in 130 ms. Found 4 JPA repository interfaces.
2026-10-02T23:45:28.818+05:30  INFO 23396 --- [physio-portal] [           main] o.s.boot.tomcat.TomcatWebServer          : Tomcat initialized with port 8082 (http)
2026-10-02T23:45:28.877+05:30  INFO 23396 --- [physio-portal] [           main] o.apache.catalina.core.StandardService   : Starting service [Tomcat]
2026-10-02T23:45:28.879+05:30  INFO 23396 --- [physio-portal] [           main] o.apache.catalina.core.StandardEngine    : Starting Servlet engine: [Apache Tomcat/11.0.24]
2026-10-02T23:45:29.017+05:30  INFO 23396 --- [physio-portal] [           main] b.w.c.s.WebApplicationContextInitializer : Root WebApplicationContext: initialization completed in 5699 ms
2026-10-02T23:45:30.197+05:30  INFO 23396 --- [physio-portal] [           main] org.hibernate.orm.jpa                    : HHH008540: Processing PersistenceUnitInfo [name: default]
2026-10-02T23:45:30.367+05:30  INFO 23396 --- [physio-portal] [           main] org.hibernate.orm.core                   : HHH000001: Hibernate ORM core version 7.2.24.Final
2026-10-02T23:45:32.874+05:30  INFO 23396 --- [physio-portal] [           main] o.s.o.j.p.SpringPersistenceUnitInfo      : No LoadTimeWeaver setup: ignoring JPA class transformer
2026-10-02T23:45:33.115+05:30  INFO 23396 --- [physio-portal] [           main] com.zaxxer.hikari.HikariDataSource       : HikariPool-1 - Starting...
2026-10-02T23:45:34.630+05:30  INFO 23396 --- [physio-portal] [           main] com.zaxxer.hikari.pool.HikariPool        : HikariPool-1 - Added connection conn0: url=jdbc:h2:file:./data/physio user=SA
2026-10-02T23:45:34.641+05:30  INFO 23396 --- [physio-portal] [           main] com.zaxxer.hikari.HikariDataSource       : HikariPool-1 - Start completed.
2026-10-02T23:45:35.038+05:30  INFO 23396 --- [physio-portal] [           main] org.hibernate.orm.connections.pooling    : HHH10001005: Database info:
	Database JDBC URL [jdbc:h2:file:./data/physio]
	Database driver: H2 JDBC Driver
	Database dialect: H2Dialect
	Database version: 2.4.240
	Default catalog/schema: PHYSIO/PUBLIC
	Autocommit mode: undefined/unknown
	Isolation level: READ_COMMITTED [default READ_COMMITTED]
	JDBC fetch size: 100
	Pool: DataSourceConnectionProvider
	Minimum pool size: undefined/unknown
	Maximum pool size: undefined/unknown
2026-10-02T23:45:40.764+05:30  INFO 23396 --- [physio-portal] [           main] org.hibernate.orm.core                   : HHH000489: No JTA platform available (set 'hibernate.transaction.jta.platform' to enable JTA platform integration)
2026-10-02T23:45:41.065+05:30  INFO 23396 --- [physio-portal] [           main] j.LocalContainerEntityManagerFactoryBean : Initialized JPA EntityManagerFactory for persistence unit 'default'
2026-10-02T23:45:41.448+05:30  INFO 23396 --- [physio-portal] [           main] o.s.d.j.r.query.QueryEnhancerFactories   : Hibernate is in classpath; If applicable, HQL parser will be used.
2026-10-02T23:45:46.533+05:30  INFO 23396 --- [physio-portal] [           main] r$InitializeUserDetailsManagerConfigurer : Global AuthenticationManager configured with UserDetailsService bean with name patientDetails
2026-10-02T23:45:47.650+05:30  INFO 23396 --- [physio-portal] [           main] o.s.b.w.a.WelcomePageHandlerMapping      : Adding welcome page template: index
2026-10-02T23:45:49.318+05:30  INFO 23396 --- [physio-portal] [           main] o.s.b.a.e.web.EndpointLinksResolver      : Exposing 1 endpoint beneath base path '/actuator'
2026-10-02T23:45:49.647+05:30  INFO 23396 --- [physio-portal] [           main] o.s.boot.tomcat.TomcatWebServer          : Tomcat started on port 8082 (http) with context path '/'
2026-10-02T23:45:49.671+05:30  INFO 23396 --- [physio-portal] [           main] c.k.physio.PhysioPortalApplication       : Started PhysioPortalApplication in 27.188 seconds (process running for 28.071)
2026-10-02T23:45:51.033+05:30  INFO 23396 --- [physio-portal] [0.1-8082-exec-1] o.a.c.c.C.[Tomcat].[localhost].[/]       : Initializing Spring DispatcherServlet 'dispatcherServlet'
2026-10-02T23:45:51.035+05:30  INFO 23396 --- [physio-portal] [0.1-8082-exec-1] o.s.web.servlet.DispatcherServlet        : Initializing Servlet 'dispatcherServlet'
2026-10-02T23:45:51.045+05:30  INFO 23396 --- [physio-portal] [0.1-8082-exec-1] o.s.web.servlet.DispatcherServlet        : Completed initialization in 10 ms
