Task 12 Docker build at 2026-10-03T16:42:56.5827599+05:30
commit=180b726bc020aaa534f65f69283f30b9bb04abeb build=9 image=localhost:5000/physio-portal:1.0.0-b9-180b726bc020
docker buildx version
github.com/docker/buildx v0.36.1-desktop.1 83d819cf8237b52ef45a2a9857eeb83a7b10977f
exit=0
docker build --pull -t physio-portal:1.0.0-b9-180b726bc020 .
#0 building with "default" instance using docker driver
System.Management.Automation.RemoteException
#1 [internal] load build definition from Dockerfile
#1 transferring dockerfile: 387B 0.0s done
#1 DONE 0.1s
System.Management.Automation.RemoteException
#2 [internal] load metadata for docker.io/library/eclipse-temurin:21-jre
#2 DONE 2.0s
System.Management.Automation.RemoteException
#3 [internal] load .dockerignore
#3 transferring context: 87B 0.0s done
#3 DONE 0.1s
System.Management.Automation.RemoteException
#4 [internal] load build context
#4 ...
System.Management.Automation.RemoteException
#5 [1/4] FROM docker.io/library/eclipse-temurin:21-jre@sha256:cff19e6215689161eb6162c11b86b0c60ddf802164f2eaf48d570f8fb79a36c5
#5 resolve docker.io/library/eclipse-temurin:21-jre@sha256:cff19e6215689161eb6162c11b86b0c60ddf802164f2eaf48d570f8fb79a36c5 0.0s done
#5 DONE 0.0s
System.Management.Automation.RemoteException
#4 [internal] load build context
#4 transferring context: 65.10MB 2.0s done
#4 DONE 2.0s
System.Management.Automation.RemoteException
#6 [2/4] WORKDIR /app
#6 CACHED
System.Management.Automation.RemoteException
#7 [3/4] RUN mkdir -p /app/data && chown -R 10001:10001 /app
#7 CACHED
System.Management.Automation.RemoteException
#8 [4/4] COPY --chown=10001:10001 target/physio-portal-1.0.0.jar /app/app.jar
#8 DONE 0.1s
System.Management.Automation.RemoteException
#9 exporting to image
#9 exporting layers
#9 exporting layers 1.5s done
#9 exporting manifest sha256:5cf1934042cc9326582fdafe06848d2596b561a3056a237bba041b5afdc5331e 0.0s done
#9 exporting config sha256:a632e292fd277405595b05596e38f4725cf279fc0d5ad88021c28ca25a58e3ae done
#9 exporting attestation manifest sha256:5b4bcd4c77a95563c94bcf533010f2e95f89b967a2904b17fc21ba8b6b3b1460 0.0s done
#9 exporting manifest list sha256:3977b8ccbc1706b2eb00425f4589ad0a720752d492c02b4f37ea410b63d5f9e5 0.0s done
#9 naming to docker.io/library/physio-portal:1.0.0-b9-180b726bc020 done
#9 unpacking to docker.io/library/physio-portal:1.0.0-b9-180b726bc020
#9 unpacking to docker.io/library/physio-portal:1.0.0-b9-180b726bc020 0.3s done
#9 DONE 1.9s
exit=0
docker image inspect physio-portal:1.0.0-b9-180b726bc020 --format image_id={{.Id}}
image_id=sha256:3977b8ccbc1706b2eb00425f4589ad0a720752d492c02b4f37ea410b63d5f9e5
exit=0
