Task 12 Docker health at 2026-10-03T16:23:29.8689598+05:30
commit=7abc4c2fbe539e1dbfa8f5d4f759734b570dbedf build=8 image=localhost:5000/physio-portal:1.0.0-b8-7abc4c2fbe53
docker ps -a --filter name=^/physio-portal-cd-test$ --format {{.ID}}
618b9216e934
exit=0
docker inspect physio-portal-cd-test --format {{json .Config.Labels}}
{"app.env":"test","jenkins.build":"8","managed-by":"jenkins","org.opencontainers.image.created":"2026-09-27T10:25:52.887617+00:00","org.opencontainers.image.description":"The Ubuntu container image maintained by Canonical\n\nUbuntu is a Debian-based Linux operating system that runs from the desktop to the cloud, to all your internet connected things.\nIt is the world's most popular operating system across public clouds and OpenStack clouds.\nIt is the number one platform for containers; from Docker to Kubernetes to LXD, Ubuntu can run your containers at scale.\nFast, secure and simple, Ubuntu powers millions of PCs worldwide.\n","org.opencontainers.image.title":"ubuntu","org.opencontainers.image.version":"26.04","project":"physio-portal-cd","source.commit":"7abc4c2fbe539e1dbfa8f5d4f759734b570dbedf"}
exit=0
{"build_number":"8","build_url":"http://localhost:8080/job/physio-portal-pipeline/8/","git_commit":"7abc4c2fbe539e1dbfa8f5d4f759734b570dbedf","image_tag":"localhost:5000/physio-portal:1.0.0-b8-7abc4c2fbe53","image_id":"sha256:99d581fdce45bbd845698c0e104c949e8991c787d013d9bc6347b42923ed054a","registry_digests":["physio-portal@sha256:99d581fdce45bbd845698c0e104c949e8991c787d013d9bc6347b42923ed054a","localhost:5000/physio-portal@sha256:99d581fdce45bbd845698c0e104c949e8991c787d013d9bc6347b42923ed054a"],"container_name":"physio-portal-cd-test","container_id":"618b9216e9346bac9a3da3a8c4c637697d4c159b7fb89fa367ba69c3938487bf","app_env":"test","host_port":8087,"container_port":8080,"volume":"physio-portal-cd-test-data","health":"UP","homepage_http":200,"providers_http":200,"url":"http://localhost:8087/","deployed_at":"2026-10-03T16:23:39.7189440+05:30"}
docker logs --tail 40 physio-portal-cd-test

 :: Spring Boot ::                (v4.0.8)

2026-10-03T10:53:29.227Z  INFO 1 --- [physio-portal] [           main] c.k.physio.PhysioPortalApplication       : Starting PhysioPortalApplication v1.0.0 using Java 21.0.12.1 with PID 1 (/app/app.jar started by ? in /app)
2026-10-03T10:53:29.237Z  INFO 1 --- [physio-portal] [           main] c.k.physio.PhysioPortalApplication       : The following 1 profile is active: "test"
2026-10-03T10:53:30.827Z  INFO 1 --- [physio-portal] [           main] .s.d.r.c.RepositoryConfigurationDelegate : Bootstrapping Spring Data JPA repositories in DEFAULT mode.
2026-10-03T10:53:30.920Z  INFO 1 --- [physio-portal] [           main] .s.d.r.c.RepositoryConfigurationDelegate : Finished Spring Data repository scanning in 79 ms. Found 4 JPA repository interfaces.
2026-10-03T10:53:32.024Z  INFO 1 --- [physio-portal] [           main] o.s.boot.tomcat.TomcatWebServer          : Tomcat initialized with port 8080 (http)
2026-10-03T10:53:32.057Z  INFO 1 --- [physio-portal] [           main] o.apache.catalina.core.StandardService   : Starting service [Tomcat]
2026-10-03T10:53:32.058Z  INFO 1 --- [physio-portal] [           main] o.apache.catalina.core.StandardEngine    : Starting Servlet engine: [Apache Tomcat/11.0.24]
2026-10-03T10:53:32.095Z  INFO 1 --- [physio-portal] [           main] b.w.c.s.WebApplicationContextInitializer : Root WebApplicationContext: initialization completed in 2745 ms
2026-10-03T10:53:32.641Z  INFO 1 --- [physio-portal] [           main] org.hibernate.orm.jpa                    : HHH008540: Processing PersistenceUnitInfo [name: default]
2026-10-03T10:53:32.726Z  INFO 1 --- [physio-portal] [           main] org.hibernate.orm.core                   : HHH000001: Hibernate ORM core version 7.2.24.Final
2026-10-03T10:53:33.428Z  INFO 1 --- [physio-portal] [           main] o.s.o.j.p.SpringPersistenceUnitInfo      : No LoadTimeWeaver setup: ignoring JPA class transformer
2026-10-03T10:53:33.470Z  INFO 1 --- [physio-portal] [           main] com.zaxxer.hikari.HikariDataSource       : HikariPool-1 - Starting...
2026-10-03T10:53:33.772Z  INFO 1 --- [physio-portal] [           main] com.zaxxer.hikari.pool.HikariPool        : HikariPool-1 - Added connection conn0: url=jdbc:h2:file:./data/physio user=SA
2026-10-03T10:53:33.775Z  INFO 1 --- [physio-portal] [           main] com.zaxxer.hikari.HikariDataSource       : HikariPool-1 - Start completed.
2026-10-03T10:53:33.854Z  INFO 1 --- [physio-portal] [           main] org.hibernate.orm.connections.pooling    : HHH10001005: Database info:
	Database JDBC URL [jdbc:h2:file:./data/physio]
	Database driver: H2 JDBC Driver
	Database dialect: H2Dialect
	Database version: 2.4.240
	Default catalog/schema: PHYSIO/PUBLIC
	Autocommit mode: undefined/unknown
	Isolation level: READ_COMMITTED [default READ_COMMITTED]
	JDBC fetch size: 100
	Pool: DataSourceConnectionProvider
	Minimum pool size: undefined/unknown
	Maximum pool size: undefined/unknown
2026-10-03T10:53:35.044Z  INFO 1 --- [physio-portal] [           main] org.hibernate.orm.core                   : HHH000489: No JTA platform available (set 'hibernate.transaction.jta.platform' to enable JTA platform integration)
2026-10-03T10:53:35.163Z  INFO 1 --- [physio-portal] [           main] j.LocalContainerEntityManagerFactoryBean : Initialized JPA EntityManagerFactory for persistence unit 'default'
2026-10-03T10:53:35.296Z  INFO 1 --- [physio-portal] [           main] o.s.d.j.r.query.QueryEnhancerFactories   : Hibernate is in classpath; If applicable, HQL parser will be used.
2026-10-03T10:53:36.857Z  INFO 1 --- [physio-portal] [           main] r$InitializeUserDetailsManagerConfigurer : Global AuthenticationManager configured with UserDetailsService bean with name patientDetails
2026-10-03T10:53:37.160Z  INFO 1 --- [physio-portal] [           main] o.s.b.w.a.WelcomePageHandlerMapping      : Adding welcome page template: index
2026-10-03T10:53:37.861Z  INFO 1 --- [physio-portal] [           main] o.s.b.a.e.web.EndpointLinksResolver      : Exposing 1 endpoint beneath base path '/actuator'
2026-10-03T10:53:37.987Z  INFO 1 --- [physio-portal] [           main] o.s.boot.tomcat.TomcatWebServer          : Tomcat started on port 8080 (http) with context path '/'
2026-10-03T10:53:38.000Z  INFO 1 --- [physio-portal] [           main] c.k.physio.PhysioPortalApplication       : Started PhysioPortalApplication in 9.928 seconds (process running for 11.107)
2026-10-03T10:53:38.494Z  INFO 1 --- [physio-portal] [nio-8080-exec-1] o.a.c.c.C.[Tomcat].[localhost].[/]       : Initializing Spring DispatcherServlet 'dispatcherServlet'
2026-10-03T10:53:38.495Z  INFO 1 --- [physio-portal] [nio-8080-exec-1] o.s.web.servlet.DispatcherServlet        : Initializing Servlet 'dispatcherServlet'
2026-10-03T10:53:38.497Z  INFO 1 --- [physio-portal] [nio-8080-exec-1] o.s.web.servlet.DispatcherServlet        : Completed initialization in 1 ms
exit=0
